COMMAND: /home/songhyeongseon/projects/qvt3d/qpx/qpx-opt -i input.i /home/songhyeongseon/projects/qvt3d/qpx/temp/r32_full_bundle_builder/r32_full_profile_case/case/r32_profiles/T2-heavy_20260828T075225Z/r32_profile_overlay.i Executioner/num_steps=1 -log_view :/home/songhyeongseon/projects/qvt3d/qpx/temp/r32_full_bundle_builder/r32_full_profile_case/case/r32_profiles/T2-heavy_20260828T075225Z/petsc_log.csv:ascii_csv -log_view_memory -snes_converged_reason -ksp_converged_reason
CASE START: 2026-08-28T07:52:34.402043+00:00


*** Info ***
Merging inputs input.i, /home/songhyeongseon/projects/qvt3d/qpx/temp/r32_full_bundle_builder/r32_full_profile_case/case/r32_profiles/T2-heavy_20260828T075225Z/r32_profile_overlay.i
Framework Information:
MOOSE Version:           git commit 9f388366ccf on 2026-07-28
LibMesh Version:         
PETSc Version:           3.25.2
SLEPc Version:           3.25.0
Current Time:            Fri Aug 28 07:52:36 2026
Executable Timestamp:    Thu Aug 27 10:19:00 2026

Input File(s):
  /home/songhyeongseon/projects/qvt3d/qpx/temp/r32_full_bundle_builder/r32_full_profile_case/case/input.i
  /home/songhyeongseon/projects/qvt3d/qpx/temp/r32_full_bundle_builder/r32_full_profile_case/case/r32_profiles/T2-heavy_20260828T075225Z/r32_profile_overlay.i

Command Line Argument(s):
  -log_view :/home/songhyeongseon/projects/qvt3d/qpx/temp/r32_full_bundle_builder/r32_full_profile_case/case/r32_profiles/T2-heavy_20260828T075225Z/petsc_log.csv:ascii_csv
  -log_view_memory
  -snes_converged_reason
  -ksp_converged_reason

Command Line Input Argument(s):
  Executioner/num_steps=1

Checkpoint:
  Wall Time Interval:      Every 3600 s
  Checkpoint:              Outputs/checkpoint
  # Checkpoints Kept:      2
  Execute On:              INITIAL TIMESTEP_END 

Parallelism:
  Num Processors:          1
  Num Threads:             1

Mesh: 
  Parallel Type:           replicated
  Mesh Dimension:          2
  Spatial Dimension:       2
  Nodes:                   2050
  Elems:                   3951
  Num Subdomains:          14

Nonlinear System:
  Num DOFs:                21132
  Num Local DOFs:          21132
  Variables:               { "u" "v" "p" "w_O2s" "w_O2p" "w_O" "w_Om" "w_Op" "w_Os" } 
  Finite Element Types:    "MONOMIAL" 
  Approximation Orders:    "CONSTANT" 

Execution Information:
  Executioner:             Transient
  TimeStepper:             ConstantDT
  TimeIntegrator(s):       ImplicitEuler
  Solver Mode:             NEWTON 
  PETSc Preconditioner:    lu 
  MOOSE Preconditioner:    SMP (auto) 


Time Step 0, time = 0

Postprocessor Values:
+----------------+----------------+----------------+----------------+----------------+----------------+
| time           | Dmix_O2_avg    | Dmix_O2p_avg   | Dmix_O2s_avg   | Dmix_O_avg     | Dmix_Om_avg    |
+----------------+----------------+----------------+----------------+----------------+----------------+
|   0.000000e+00 |   0.000000e+00 |   0.000000e+00 |   0.000000e+00 |   0.000000e+00 |   0.000000e+00 |
+----------------+----------------+----------------+----------------+----------------+----------------+
+----------------+----------------+----------------+----------------+----------------+----------------+
| time           | Dmix_Op_avg    | Dmix_Os_avg    | Mn_avg         | Mn_max         | Mn_min         |
+----------------+----------------+----------------+----------------+----------------+----------------+
|   0.000000e+00 |   0.000000e+00 |   0.000000e+00 |   0.000000e+00 |   0.000000e+00 |   0.000000e+00 |
+----------------+----------------+----------------+----------------+----------------+----------------+
+----------------+----------------+----------------+----------------+----------------+----------------+
| time           | dMn_dt_avg     | drho_dt_avg    | inlet_area     | inlet_mdot     | inlet_mdot_O   |
+----------------+----------------+----------------+----------------+----------------+----------------+
|   0.000000e+00 |   0.000000e+00 |   0.000000e+00 |   5.954575e-02 |   1.918958e-06 |   1.918958e-07 |
+----------------+----------------+----------------+----------------+----------------+----------------+
+----------------+----------------+----------------+----------------+----------------+----------------+
| time           | inlet_mdot_O2p | inlet_mdot_O2s | inlet_mdot_Om  | inlet_mdot_Op  | inlet_mdot_Os  |
+----------------+----------------+----------------+----------------+----------------+----------------+
|   0.000000e+00 |   1.918958e-08 |   9.594789e-08 |   1.918958e-08 |   1.918958e-08 |   2.302749e-07 |
+----------------+----------------+----------------+----------------+----------------+----------------+
+----------------+----------------+----------------+----------------+----------------+----------------+
| time           | mass_O         | mass_O2        | mass_O2p       | mass_O2s       | mass_Om        |
+----------------+----------------+----------------+----------------+----------------+----------------+
|   0.000000e+00 |   0.000000e+00 |   0.000000e+00 |   0.000000e+00 |   0.000000e+00 |   0.000000e+00 |
+----------------+----------------+----------------+----------------+----------------+----------------+
+----------------+----------------+----------------+----------------+--------------------+
| time           | mass_Op        | mass_Os        | mass_total     | outlet_mass_actual |
+----------------+----------------+----------------+----------------+--------------------+
|   0.000000e+00 |   0.000000e+00 |   0.000000e+00 |   0.000000e+00 |       0.000000e+00 |
+----------------+----------------+----------------+----------------+--------------------+
+----------------+----------------+----------------+----------------+----------------+----------------+
| time           | outlet_mdot_O  | outlet_mdot_O2 | outlet_mdot_O2p| outlet_mdot_O2s| outlet_mdot_Om |
+----------------+----------------+----------------+----------------+----------------+----------------+
|   0.000000e+00 |   0.000000e+00 |   0.000000e+00 |   0.000000e+00 |   0.000000e+00 |   0.000000e+00 |
+----------------+----------------+----------------+----------------+----------------+----------------+
+----------------+----------------+----------------+----------------+-----------------------+
| time           | outlet_mdot_Op | outlet_mdot_Os | outlet_p_avg   | r32_linear_iterations |
+----------------+----------------+----------------+----------------+-----------------------+
|   0.000000e+00 |   0.000000e+00 |   0.000000e+00 |   0.000000e+00 |          0.000000e+00 |
+----------------+----------------+----------------+----------------+-----------------------+
+----------------+--------------------------+----------------+--------------------------+----------------+
| time           | r32_nonlinear_iterations | r32_num_dofs   | r32_residual_evaluations | rho_avg        |
+----------------+--------------------------+----------------+--------------------------+----------------+
|   0.000000e+00 |             0.000000e+00 |   2.113200e+04 |             0.000000e+00 |   0.000000e+00 |
+----------------+--------------------------+----------------+--------------------------+----------------+
+----------------+----------------+----------------+----------------+----------------+----------------+
| time           | sum_w_max      | sum_w_min      | w_O2_avg       | w_O2_max       | w_O2_min       |
+----------------+----------------+----------------+----------------+----------------+----------------+
|   0.000000e+00 |   0.000000e+00 |   0.000000e+00 |   0.000000e+00 |   0.000000e+00 |   0.000000e+00 |
+----------------+----------------+----------------+----------------+----------------+----------------+
+----------------+----------------+----------------+----------------+----------------+----------------+
| time           | w_O2p_avg      | w_O2p_max      | w_O2p_min      | w_O2s_avg      | w_O2s_max      |
+----------------+----------------+----------------+----------------+----------------+----------------+
|   0.000000e+00 |   0.000000e+00 |   0.000000e+00 |   0.000000e+00 |   0.000000e+00 |   0.000000e+00 |
+----------------+----------------+----------------+----------------+----------------+----------------+
+----------------+----------------+----------------+----------------+----------------+----------------+
| time           | w_O2s_min      | w_O_avg        | w_O_max        | w_O_min        | w_Om_avg       |
+----------------+----------------+----------------+----------------+----------------+----------------+
|   0.000000e+00 |   0.000000e+00 |   0.000000e+00 |   0.000000e+00 |   0.000000e+00 |   0.000000e+00 |
+----------------+----------------+----------------+----------------+----------------+----------------+
+----------------+----------------+----------------+----------------+----------------+----------------+
| time           | w_Om_max       | w_Om_min       | w_Op_avg       | w_Op_max       | w_Op_min       |
+----------------+----------------+----------------+----------------+----------------+----------------+
|   0.000000e+00 |   0.000000e+00 |   0.000000e+00 |   0.000000e+00 |   0.000000e+00 |   0.000000e+00 |
+----------------+----------------+----------------+----------------+----------------+----------------+
+----------------+----------------+----------------+----------------+
| time           | w_Os_avg       | w_Os_max       | w_Os_min       |
+----------------+----------------+----------------+----------------+
|   0.000000e+00 |   0.000000e+00 |   0.000000e+00 |   0.000000e+00 |
+----------------+----------------+----------------+----------------+


Time Step 1, time = 0.0001, dt = 0.0001

Performing automatic scaling calculation

    Linear solve converged due to CONVERGED_RTOL iterations 1
    Linear solve converged due to CONVERGED_RTOL iterations 1
    Linear solve converged due to CONVERGED_RTOL iterations 1
  Nonlinear solve converged due to CONVERGED_FNORM_ABS iterations 3
[32m Solve Converged![39m

Currently Executing
  Finished Solving                                                                       [[33m 29.46 s[39m] [[33m  297 MB[39m]

Outlier Variable Residual Norms:
  u: [33m1.448791e-15[39m
  v: [33m2.317934e-15[39m

Postprocessor Values:
+----------------+----------------+----------------+----------------+----------------+----------------+
| time           | Dmix_O2_avg    | Dmix_O2p_avg   | Dmix_O2s_avg   | Dmix_O_avg     | Dmix_Om_avg    |
+----------------+----------------+----------------+----------------+----------------+----------------+
|   0.000000e+00 |   0.000000e+00 |   0.000000e+00 |   0.000000e+00 |   0.000000e+00 |   0.000000e+00 |
|   1.000000e-04 |   4.512147e+00 |   7.141154e-03 |   5.836457e+00 |   8.836006e+00 |   1.046030e-02 |
+----------------+----------------+----------------+----------------+----------------+----------------+
+----------------+----------------+----------------+----------------+----------------+----------------+
| time           | Dmix_Op_avg    | Dmix_Os_avg    | Mn_avg         | Mn_max         | Mn_min         |
+----------------+----------------+----------------+----------------+----------------+----------------+
|   0.000000e+00 |   0.000000e+00 |   0.000000e+00 |   0.000000e+00 |   0.000000e+00 |   0.000000e+00 |
|   1.000000e-04 |   1.045669e-02 |   8.896796e+00 |   2.574127e-02 |   2.580462e-02 |   2.556131e-02 |
+----------------+----------------+----------------+----------------+----------------+----------------+
+----------------+----------------+----------------+----------------+----------------+----------------+
| time           | dMn_dt_avg     | drho_dt_avg    | inlet_area     | inlet_mdot     | inlet_mdot_O   |
+----------------+----------------+----------------+----------------+----------------+----------------+
|   0.000000e+00 |   0.000000e+00 |   0.000000e+00 |   5.954575e-02 |   1.918958e-06 |   1.918958e-07 |
|   1.000000e-04 |   8.354003e-04 |   3.495563e-05 |   5.954575e-02 |   1.918958e-06 |   1.918958e-07 |
+----------------+----------------+----------------+----------------+----------------+----------------+
+----------------+----------------+----------------+----------------+----------------+----------------+
| time           | inlet_mdot_O2p | inlet_mdot_O2s | inlet_mdot_Om  | inlet_mdot_Op  | inlet_mdot_Os  |
+----------------+----------------+----------------+----------------+----------------+----------------+
|   0.000000e+00 |   1.918958e-08 |   9.594789e-08 |   1.918958e-08 |   1.918958e-08 |   2.302749e-07 |
|   1.000000e-04 |   1.918958e-08 |   9.594789e-08 |   1.918958e-08 |   1.918958e-08 |   2.302749e-07 |
+----------------+----------------+----------------+----------------+----------------+----------------+
+----------------+----------------+----------------+----------------+----------------+----------------+
| time           | mass_O         | mass_O2        | mass_O2p       | mass_O2s       | mass_Om        |
+----------------+----------------+----------------+----------------+----------------+----------------+
|   0.000000e+00 |   0.000000e+00 |   0.000000e+00 |   0.000000e+00 |   0.000000e+00 |   0.000000e+00 |
|   1.000000e-04 |   3.557072e-08 |   2.403349e-07 |   3.448831e-09 |   1.724416e-08 |   3.448831e-09 |
+----------------+----------------+----------------+----------------+----------------+----------------+
+----------------+----------------+----------------+----------------+--------------------+
| time           | mass_Op        | mass_Os        | mass_total     | outlet_mass_actual |
+----------------+----------------+----------------+----------------+--------------------+
|   0.000000e+00 |   0.000000e+00 |   0.000000e+00 |   0.000000e+00 |       0.000000e+00 |
|   1.000000e-04 |   3.448831e-09 |   4.138597e-08 |   3.448822e-07 |       1.674099e-07 |
+----------------+----------------+----------------+----------------+--------------------+
+----------------+----------------+----------------+----------------+----------------+----------------+
| time           | outlet_mdot_O  | outlet_mdot_O2 | outlet_mdot_O2p| outlet_mdot_O2s| outlet_mdot_Om |
+----------------+----------------+----------------+----------------+----------------+----------------+
|   0.000000e+00 |   0.000000e+00 |   0.000000e+00 |   0.000000e+00 |   0.000000e+00 |   0.000000e+00 |
|   1.000000e-04 |   1.678071e-08 |   1.171516e-07 |   1.674099e-09 |   8.369575e-09 |   1.674099e-09 |
+----------------+----------------+----------------+----------------+----------------+----------------+
+----------------+----------------+----------------+----------------+-----------------------+
| time           | outlet_mdot_Op | outlet_mdot_Os | outlet_p_avg   | r32_linear_iterations |
+----------------+----------------+----------------+----------------+-----------------------+
|   0.000000e+00 |   0.000000e+00 |   0.000000e+00 |   0.000000e+00 |          0.000000e+00 |
|   1.000000e-04 |   1.674099e-09 |   2.008573e-08 |   1.333220e+00 |          3.000000e+00 |
+----------------+----------------+----------------+----------------+-----------------------+
+----------------+--------------------------+----------------+--------------------------+----------------+
| time           | r32_nonlinear_iterations | r32_num_dofs   | r32_residual_evaluations | rho_avg        |
+----------------+--------------------------+----------------+--------------------------+----------------+
|   0.000000e+00 |             0.000000e+00 |   2.113200e+04 |             0.000000e+00 |   0.000000e+00 |
|   1.000000e-04 |             3.000000e+00 |   2.113200e+04 |             4.000000e+00 |   6.882813e-06 |
+----------------+--------------------------+----------------+--------------------------+----------------+
+----------------+----------------+----------------+----------------+----------------+----------------+
| time           | sum_w_max      | sum_w_min      | w_O2_avg       | w_O2_max       | w_O2_min       |
+----------------+----------------+----------------+----------------+----------------+----------------+
|   0.000000e+00 |   0.000000e+00 |   0.000000e+00 |   0.000000e+00 |   0.000000e+00 |   0.000000e+00 |
|   1.000000e-04 |   1.000000e+00 |   1.000000e+00 |   6.968515e-01 |   6.999168e-01 |   6.879870e-01 |
+----------------+----------------+----------------+----------------+----------------+----------------+
+----------------+----------------+----------------+----------------+----------------+----------------+
| time           | w_O2p_avg      | w_O2p_max      | w_O2p_min      | w_O2s_avg      | w_O2s_max      |
+----------------+----------------+----------------+----------------+----------------+----------------+
|   0.000000e+00 |   0.000000e+00 |   0.000000e+00 |   0.000000e+00 |   0.000000e+00 |   0.000000e+00 |
|   1.000000e-04 |   1.000002e-02 |   1.000046e-02 |   9.999859e-03 |   5.000022e-02 |   5.012260e-02 |
+----------------+----------------+----------------+----------------+----------------+----------------+
+----------------+----------------+----------------+----------------+----------------+----------------+
| time           | w_O2s_min      | w_O_avg        | w_O_max        | w_O_min        | w_Om_avg       |
+----------------+----------------+----------------+----------------+----------------+----------------+
|   0.000000e+00 |   0.000000e+00 |   0.000000e+00 |   0.000000e+00 |   0.000000e+00 |   0.000000e+00 |
|   1.000000e-04 |   4.994084e-02 |   1.031477e-01 |   1.115317e-01 |   1.001076e-01 |   1.000002e-02 |
+----------------+----------------+----------------+----------------+----------------+----------------+
+----------------+----------------+----------------+----------------+----------------+----------------+
| time           | w_Om_max       | w_Om_min       | w_Op_avg       | w_Op_max       | w_Op_min       |
+----------------+----------------+----------------+----------------+----------------+----------------+
|   0.000000e+00 |   0.000000e+00 |   0.000000e+00 |   0.000000e+00 |   0.000000e+00 |   0.000000e+00 |
|   1.000000e-04 |   1.000049e-02 |   9.999832e-03 |   1.000002e-02 |   1.000049e-02 |   9.999832e-03 |
+----------------+----------------+----------------+----------------+----------------+----------------+
+----------------+----------------+----------------+----------------+
| time           | w_Os_avg       | w_Os_max       | w_Os_min       |
+----------------+----------------+----------------+----------------+
|   0.000000e+00 |   0.000000e+00 |   0.000000e+00 |   0.000000e+00 |
|   1.000000e-04 |   1.200006e-01 |   1.203636e-01 |   1.198148e-01 |
+----------------+----------------+----------------+----------------+



Performance Graph:
--------------------------------------------------------------------------------------------------------------------------------------------------------------------------------
|                                   Section                                  | Calls |   Self(s)  |   Avg(s)   |    %   | Mem(MB) |  Total(s)  |   Avg(s)   |    %   | Mem(MB) |
--------------------------------------------------------------------------------------------------------------------------------------------------------------------------------
| qpxTestApp (main)                                                          |     1 |      0.007 |      0.007 |   0.02 |       2 |     31.208 |     31.208 | 100.00 |     170 |
|   RankMap::construct                                                       |     1 |      0.000 |      0.000 |   0.00 |       0 |      0.000 |      0.000 |   0.00 |       0 |
|   MooseApp::run                                                            |     1 |      0.000 |      0.000 |   0.00 |       0 |     31.200 |     31.200 |  99.98 |     168 |
|     MooseApp::setup                                                        |     1 |      0.000 |      0.000 |   0.00 |       0 |      0.569 |      0.569 |   1.82 |      79 |
|       MooseApp::runInputFile                                               |     1 |      0.005 |      0.005 |   0.02 |       0 |      0.510 |      0.510 |   1.63 |      64 |
|         Action::SetupMeshAction::Mesh::SetupMeshAction::act::setup_mesh    |     1 |      0.001 |      0.001 |   0.00 |       0 |      0.001 |      0.001 |   0.00 |       0 |
|         Action::SetupMeshAction::Mesh::SetupMeshAction::act::set_mesh_base |     2 |      0.000 |      0.000 |   0.00 |       0 |      0.000 |      0.000 |   0.00 |       0 |
|           MeshGeneratorMesh::init                                          |     1 |      0.000 |      0.000 |   0.00 |       0 |      0.000 |      0.000 |   0.00 |       0 |
|         Action::SetupMeshCompleteAction::Mesh::completeSetupUndisplaced    |     2 |      0.000 |      0.000 |   0.00 |       0 |      0.005 |      0.002 |   0.01 |       1 |
|           MeshGeneratorMesh::prepare                                       |     2 |      0.002 |      0.001 |   0.01 |       0 |      0.005 |      0.002 |   0.01 |       1 |
|             MeshGeneratorMesh::update                                      |     1 |      0.001 |      0.001 |   0.00 |       0 |      0.002 |      0.002 |   0.01 |       1 |
|               MeshGeneratorMesh::cacheInfo                                 |     1 |      0.001 |      0.001 |   0.00 |       1 |      0.001 |      0.001 |   0.00 |       1 |
|         Action::SetupMeshCompleteAction::Mesh::uniformRefine               |     1 |      0.000 |      0.000 |   0.00 |       0 |      0.000 |      0.000 |   0.00 |       0 |
|         Action::SetupMeshCompleteAction::Mesh::deleteRemoteElems           |     1 |      0.000 |      0.000 |   0.00 |       0 |      0.000 |      0.000 |   0.00 |       0 |
|         MeshGeneratorSystem::createMeshGeneratorOrder                      |     1 |      0.000 |      0.000 |   0.00 |       0 |      0.000 |      0.000 |   0.00 |       0 |
|         FEProblem::init                                                    |     1 |      0.007 |      0.007 |   0.02 |       3 |      0.300 |      0.300 |   0.96 |      38 |
|           FEProblem::fillCouplingMatrix                                    |     1 |      0.000 |      0.000 |   0.00 |       0 |      0.000 |      0.000 |   0.00 |       0 |
|           FEProblem::ghostGhostedBoundaries                                |     1 |      0.000 |      0.000 |   0.00 |       0 |      0.000 |      0.000 |   0.00 |       0 |
|           MeshGeneratorMesh::meshChanged                                   |     1 |      0.000 |      0.000 |   0.00 |       0 |      0.003 |      0.003 |   0.01 |       0 |
|             MeshGeneratorMesh::update                                      |     1 |      0.001 |      0.001 |   0.00 |       0 |      0.003 |      0.003 |   0.01 |       0 |
|               MeshGeneratorMesh::cacheInfo                                 |     1 |      0.001 |      0.001 |   0.00 |       0 |      0.001 |      0.001 |   0.00 |       0 |
|           FEProblem::EquationSystems::Init                                 |     1 |      0.290 |      0.290 |   0.93 |      35 |      0.290 |      0.290 |   0.93 |      35 |
|     MooseApp::execute                                                      |     1 |      0.000 |      0.000 |   0.00 |       0 |     30.631 |     30.631 |  98.15 |      89 |
|       MooseApp::executeExecutioner                                         |     1 |      0.001 |      0.001 |   0.00 |       1 |     30.631 |     30.631 |  98.15 |      89 |
|         FEProblem::initialSetup                                            |     1 |      0.002 |      0.002 |   0.01 |       1 |      0.044 |      0.044 |   0.14 |       2 |
|           FEProblem::computingMaxDofs                                      |     1 |      0.002 |      0.002 |   0.01 |       0 |      0.002 |      0.002 |   0.01 |       0 |
|           FEProblem::reinitScalars                                         |     1 |      0.000 |      0.000 |   0.00 |       0 |      0.000 |      0.000 |   0.00 |       0 |
|           FEProblem::reinitScalars                                         |     2 |      0.000 |      0.000 |   0.00 |       0 |      0.000 |      0.000 |   0.00 |       0 |
|           FEProblem::projectSolution                                       |     1 |      0.020 |      0.020 |   0.06 |       0 |      0.020 |      0.020 |   0.06 |       0 |
|           FEProblem::materialInitialSetup                                  |     1 |      0.000 |      0.000 |   0.00 |       0 |      0.008 |      0.008 |   0.03 |       0 |
|             FEProblem::computingInitialStatefulProps                       |     1 |      0.008 |      0.008 |   0.03 |       0 |      0.008 |      0.008 |   0.03 |       0 |
|           FEProblem::copySolutionsBackwards                                |     1 |      0.000 |      0.000 |   0.00 |       0 |      0.000 |      0.000 |   0.00 |       0 |
|           NonlinearSystemBase::nlInitialSetup                              |     1 |      0.001 |      0.001 |   0.00 |       1 |      0.001 |      0.001 |   0.00 |       1 |
|             NonlinearSystemBase::kernelsInitialSetup                       |     1 |      0.000 |      0.000 |   0.00 |       0 |      0.000 |      0.000 |   0.00 |       0 |
|             NonlinearSystemBase::mortarSetup                               |     1 |      0.000 |      0.000 |   0.00 |       0 |      0.000 |      0.000 |   0.00 |       0 |
|           AuxiliarySystem::initialSetup                                    |     1 |      0.000 |      0.000 |   0.00 |       0 |      0.000 |      0.000 |   0.00 |       0 |
|           FEProblem::updateGeometricSearch                                 |     2 |      0.000 |      0.000 |   0.00 |       0 |      0.000 |      0.000 |   0.00 |       0 |
|           FEProblem::reinitBecauseOfGhostingOrNewGeomObjects               |     1 |      0.000 |      0.000 |   0.00 |       0 |      0.000 |      0.000 |   0.00 |       0 |
|           FEProblem::initialSetupTransfers                                 |     1 |      0.000 |      0.000 |   0.00 |       0 |      0.000 |      0.000 |   0.00 |       0 |
|           FEProblem::computeUserObjects                                    |     1 |      0.008 |      0.008 |   0.03 |       0 |      0.008 |      0.008 |   0.03 |       0 |
|         FEProblem::outputStep                                              |     2 |      0.000 |      0.000 |   0.00 |       0 |      0.035 |      0.018 |   0.11 |       1 |
|           CSV::outputStep                                                  |     4 |      0.003 |      0.001 |   0.01 |       0 |      0.003 |      0.001 |   0.01 |       0 |
|           Console::outputStep                                              |     2 |      0.005 |      0.002 |   0.02 |       0 |      0.005 |      0.002 |   0.02 |       0 |
|           Checkpoint::outputStep                                           |     1 |      0.021 |      0.021 |   0.07 |       1 |      0.027 |      0.027 |   0.09 |       1 |
|             MooseApp::backup                                               |     1 |      0.006 |      0.006 |   0.02 |       0 |      0.006 |      0.006 |   0.02 |       0 |
|         FEProblem::onTimestepBegin                                         |     1 |      0.000 |      0.000 |   0.00 |       0 |      0.000 |      0.000 |   0.00 |       0 |
|         Transient::PicardSolve                                             |     1 |      0.001 |      0.001 |   0.00 |       0 |     30.551 |     30.551 |  97.90 |      85 |
|           FEProblem::computeUserObjects                                    |     1 |      1.093 |      1.093 |   3.50 |       0 |      1.093 |      1.093 |   3.50 |       0 |
|           FEProblem::outputStep                                            |     3 |      0.000 |      0.000 |   0.00 |       0 |      0.000 |      0.000 |   0.00 |       0 |
|           FEProblem::solve                                                 |     1 |      7.734 |      7.734 |  24.78 |       5 |     29.457 |     29.457 |  94.39 |      85 |
|             NonlinearSystemBase::initialBCs                                |     1 |      0.000 |      0.000 |   0.00 |       0 |      0.000 |      0.000 |   0.00 |       0 |
|             NonlinearSystemBase::computeScaling                            |     1 |      0.003 |      0.003 |   0.01 |       0 |      3.981 |      3.981 |  12.76 |      76 |
|               FEProblem::computeJacobianInternal                           |     1 |      0.000 |      0.000 |   0.00 |       0 |      3.978 |      3.978 |  12.75 |      76 |
|                 FEProblem::reinitScalars                                   |     1 |      0.000 |      0.000 |   0.00 |       0 |      0.000 |      0.000 |   0.00 |       0 |
|                 NonlinearSystemBase::computeJacobianInternal               |     1 |      3.870 |      3.870 |  12.40 |      51 |      3.977 |      3.977 |  12.74 |      76 |
|                   FEProblem::reinitScalars                                 |     1 |      0.000 |      0.000 |   0.00 |       0 |      0.000 |      0.000 |   0.00 |       0 |
|                   INSFVRhieChowInterpolator::execute                       |     1 |      0.107 |      0.107 |   0.34 |      25 |      0.107 |      0.107 |   0.34 |      25 |
|             FEProblem::computeJacobianInternal                             |     3 |      0.000 |      0.000 |   0.00 |       0 |     12.132 |      4.044 |  38.88 |       2 |
|               FEProblem::reinitScalars                                     |     3 |      0.000 |      0.000 |   0.00 |       0 |      0.000 |      0.000 |   0.00 |       0 |
|               NonlinearSystemBase::computeJacobianInternal                 |     3 |     11.852 |      3.951 |  37.98 |       0 |     12.119 |      4.040 |  38.83 |       2 |
|                 FEProblem::reinitScalars                                   |     3 |      0.000 |      0.000 |   0.00 |       0 |      0.000 |      0.000 |   0.00 |       0 |
|                 INSFVRhieChowInterpolator::execute                         |     3 |      0.267 |      0.089 |   0.86 |       2 |      0.267 |      0.089 |   0.86 |       2 |
|             FEProblem::computeResidualInternal                             |     4 |      0.000 |      0.000 |   0.00 |       0 |      5.610 |      1.403 |  17.98 |       2 |
|               FEProblem::reinitScalars                                     |     4 |      0.000 |      0.000 |   0.00 |       0 |      0.000 |      0.000 |   0.00 |       0 |
|               NonlinearSystemBase::computeResidualInternal                 |     4 |      0.002 |      0.000 |   0.01 |       0 |      5.608 |      1.402 |  17.97 |       2 |
|                 FEProblem::reinitScalars                                   |     4 |      0.000 |      0.000 |   0.00 |       0 |      0.000 |      0.000 |   0.00 |       0 |
|                 INSFVRhieChowInterpolator::execute                         |     4 |      0.363 |      0.091 |   1.16 |       0 |      0.363 |      0.091 |   1.16 |       0 |
|                 NonlinearSystemBase::residualSetup                         |     4 |      0.007 |      0.002 |   0.02 |       0 |      0.007 |      0.002 |   0.02 |       0 |
|                 NonlinearSystemBase::Kernels                               |     4 |      5.236 |      1.309 |  16.78 |       2 |      5.236 |      1.309 |  16.78 |       2 |
|         Transient::final                                                   |     1 |      0.000 |      0.000 |   0.00 |       0 |      0.000 |      0.000 |   0.00 |       0 |
|           FEProblem::outputStep                                            |     1 |      0.000 |      0.000 |   0.00 |       0 |      0.000 |      0.000 |   0.00 |       0 |
|             PerfGraphOutput::outputStep                                    |     1 |      0.000 |      0.000 |   0.00 |       0 |      0.000 |      0.000 |   0.00 |       0 |
--------------------------------------------------------------------------------------------------------------------------------------------------------------------------------

Heaviest Branch:
--------------------------------------------------------------------------------------------------------------------------------------------------------------------
|                             Section                            | Calls |   Self(s)  |   Avg(s)   |    %   | Mem(MB) |  Total(s)  |   Avg(s)   |    %   | Mem(MB) |
--------------------------------------------------------------------------------------------------------------------------------------------------------------------
| qpxTestApp (main)                                              |     1 |      0.007 |      0.007 |   0.02 |       2 |     31.208 |     31.208 | 100.00 |     170 |
|   MooseApp::run                                                |     1 |      0.000 |      0.000 |   0.00 |       0 |     31.201 |     31.201 |  99.98 |     168 |
|     MooseApp::execute                                          |     1 |      0.000 |      0.000 |   0.00 |       0 |     30.631 |     30.631 |  98.15 |      89 |
|       MooseApp::executeExecutioner                             |     1 |      0.001 |      0.001 |   0.00 |       1 |     30.631 |     30.631 |  98.15 |      89 |
|         Transient::PicardSolve                                 |     1 |      0.001 |      0.001 |   0.00 |       0 |     30.551 |     30.551 |  97.89 |      85 |
|           FEProblem::solve                                     |     1 |      7.734 |      7.734 |  24.78 |       5 |     29.457 |     29.457 |  94.39 |      85 |
|             FEProblem::computeJacobianInternal                 |     3 |      0.000 |      0.000 |   0.00 |       0 |     12.132 |      4.044 |  38.87 |       2 |
|               FEProblem::computeJacobianTags                   |     3 |      0.013 |      0.004 |   0.04 |       0 |     12.132 |      4.044 |  38.87 |       2 |
|                 NonlinearSystemBase::computeJacobianTags       |     3 |      0.000 |      0.000 |   0.00 |       0 |     12.119 |      4.040 |  38.83 |       2 |
|                   NonlinearSystemBase::computeJacobianInternal |     3 |     11.852 |      3.951 |  37.98 |       0 |     12.119 |      4.040 |  38.83 |       2 |
|                     INSFVRhieChowInterpolator::execute         |     3 |      0.267 |      0.089 |   0.86 |       2 |      0.267 |      0.089 |   0.86 |       2 |
|                       FEProblem::checkExceptionAndStopSolve    |     6 |      0.000 |      0.000 |   0.00 |       0 |      0.000 |      0.000 |   0.00 |       0 |
--------------------------------------------------------------------------------------------------------------------------------------------------------------------

Heaviest Sections:
-----------------------------------------------------------------------------------------------------------------------------------
|                                   Section                                  | Calls |   Self(s)  |    Avg.    |    %   | Mem(MB) |
-----------------------------------------------------------------------------------------------------------------------------------
| NonlinearSystemBase::computeJacobianInternal                               |     4 |     15.722 |      3.931 |  50.38 |      51 |
| FEProblem::solve                                                           |     1 |      7.734 |      7.734 |  24.78 |       5 |
| NonlinearSystemBase::Kernels                                               |     4 |      5.236 |      1.309 |  16.78 |       2 |
| FEProblem::computeUserObjects                                              |     2 |      1.101 |      0.550 |   3.53 |       0 |
| INSFVRhieChowInterpolator::execute                                         |     8 |      0.738 |      0.092 |   2.36 |      27 |
| FEProblem::EquationSystems::Init                                           |     1 |      0.290 |      0.290 |   0.93 |      35 |
| Action::ExecuteMeshGenerators::auto_executemeshgenerators::act             |     1 |      0.107 |      0.107 |   0.34 |       5 |
| MooseApp::setupOptions                                                     |     1 |      0.059 |      0.059 |   0.19 |      15 |
| Checkpoint::outputStep                                                     |     1 |      0.021 |      0.021 |   0.07 |       1 |
| FEProblem::projectSolution                                                 |     1 |      0.020 |      0.020 |   0.06 |       0 |
| Action::AddRelationshipManager::auto_addrelationshipmanager::act           |     7 |      0.016 |      0.002 |   0.05 |       1 |
| FEProblem::computeJacobianTags                                             |     4 |      0.014 |      0.003 |   0.04 |       0 |
| FEProblem::computingInitialStatefulProps                                   |     1 |      0.008 |      0.008 |   0.03 |       0 |
| qpxTestApp (main)                                                          |     1 |      0.007 |      0.007 |   0.02 |       2 |
| NonlinearSystemBase::residualSetup                                         |     4 |      0.007 |      0.002 |   0.02 |       0 |
| FEProblem::init                                                            |     1 |      0.007 |      0.007 |   0.02 |       3 |
| MooseApp::backup                                                           |     1 |      0.006 |      0.006 |   0.02 |       0 |
| MooseApp::runInputFile                                                     |     1 |      0.005 |      0.005 |   0.02 |       0 |
| Console::outputStep                                                        |     2 |      0.005 |      0.002 |   0.02 |       0 |
| Action::CreateAddedMeshGenerators::auto_createaddedmeshgenerators::act     |     1 |      0.003 |      0.003 |   0.01 |       1 |
| CSV::outputStep                                                            |     4 |      0.003 |      0.001 |   0.01 |       0 |
| MeshGeneratorMesh::cacheInfo                                               |     2 |      0.003 |      0.001 |   0.01 |       1 |
| NonlinearSystemBase::computeScaling                                        |     1 |      0.003 |      0.003 |   0.01 |       0 |
| Action::CreateProblemDefaultAction::auto_createproblemdefaultaction::act   |     2 |      0.002 |      0.001 |   0.01 |       3 |
| MeshGeneratorMesh::prepare                                                 |     2 |      0.002 |      0.001 |   0.01 |       0 |
| MeshGeneratorMesh::update                                                  |     2 |      0.002 |      0.001 |   0.01 |       0 |
| FEProblem::computingMaxDofs                                                |     1 |      0.002 |      0.002 |   0.01 |       0 |
| FEProblem::initialSetup                                                    |     1 |      0.002 |      0.002 |   0.01 |       1 |
| NonlinearSystemBase::computeResidualInternal                               |     4 |      0.002 |      0.000 |   0.01 |       0 |
| Action::AddDefaultConvergenceAction::auto_adddefaultconvergenceaction::act |     3 |      0.002 |      0.001 |   0.01 |       0 |
| Action::CreateExecutionerAction::Executioner::act                          |     1 |      0.001 |      0.001 |   0.00 |       1 |
| MooseApp::executeExecutioner                                               |     1 |      0.001 |      0.001 |   0.00 |       1 |
| NonlinearSystemBase::nl::computeResidualTags                               |     4 |      0.001 |      0.000 |   0.00 |       0 |
| Action::AddFunctorMaterialAction::O2_constraint::act                       |     1 |      0.001 |      0.001 |   0.00 |       1 |
| Action::CommonOutputAction::Outputs::act                                   |     3 |      0.001 |      0.000 |   0.00 |       0 |
| Action::AddFunctorMaterialAction::mean_molar_mass::act                     |     1 |      0.001 |      0.001 |   0.00 |       0 |
| Action::AddOutputAction::console::act                                      |     1 |      0.001 |      0.001 |   0.00 |       0 |
| OutputWarehouse::initialSetup                                              |     1 |      0.001 |      0.001 |   0.00 |       0 |
| Action::AddFunctorMaterialAction::mean_molar_mass_dot::act                 |     1 |      0.001 |      0.001 |   0.00 |       0 |
| Action::AddVariableAction::u::act                                          |     1 |      0.001 |      0.001 |   0.00 |       1 |
-----------------------------------------------------------------------------------------------------------------------------------
Finished Executing                                                                       [[33m 30.63 s[39m] [[33m  297 MB[39m]
WARNING! There are options you set that were not used!
WARNING! could be spelling mistake, etc!
There is one unused database option. It is:
Option left: name:-log_view_memory (no value) source: command line
CASE END: 2026-08-28T07:53:06.910946+00:00 rc=0 wall_s=32.508900
